2026-01-16 16:17:03.021 [main] INFO  p.c.bpi.oop.m4_activity7.BankAccount - Deposit requested: ₱5000.0
2026-01-16 16:17:03.027 [main] INFO  p.c.bpi.oop.m4_activity7.BankAccount - Deposit completed: ₱5000.0, New balance: ₱15000.0
2026-01-16 16:17:03.028 [main] INFO  p.c.bpi.oop.m4_activity7.BankAccount - Withdrawal requested: ₱3000.0
2026-01-16 16:17:03.028 [main] INFO  p.c.bpi.oop.m4_activity7.BankAccount - Withdrawal completed: ₱3000.0, New balance: ₱12000.0
2026-01-16 16:17:03.029 [main] INFO  p.c.bpi.oop.m4_activity7.BankAccount - Deposit requested: ₱-500.0
2026-01-16 16:17:03.030 [main] ERROR p.c.bpi.oop.m4_activity7.BankAccount - Invalid deposit amount: ₱-500.0
2026-01-16 16:17:03.030 [main] ERROR p.c.bpi.oop.m4_activity7.BankAccount - {} failed: Deposit amount must be positive
ph.com.bpi.oop.m4_activity7.InvalidAmountException: Deposit amount must be positive
	at Hello_World/ph.com.bpi.oop.m4_activity7.BankAccount.deposit(BankAccount.java:38)
	at Hello_World/ph.com.bpi.oop.m4_activity7.Main.lambda$2(Main.java:13)
	at Hello_World/ph.com.bpi.oop.m4_activity7.BankAccount.runTest(BankAccount.java:53)
	at Hello_World/ph.com.bpi.oop.m4_activity7.Main.main(Main.java:13)
2026-01-16 16:17:03.035 [main] INFO  p.c.bpi.oop.m4_activity7.BankAccount - Withdrawal requested: ₱20000.0
2026-01-16 16:17:03.036 [main] WARN  p.c.bpi.oop.m4_activity7.BankAccount - Insufficient funds: ₱12000.0 available
2026-01-16 16:17:03.037 [main] ERROR p.c.bpi.oop.m4_activity7.BankAccount - {} failed: Insufficient funds for withdrawal
ph.com.bpi.oop.m4_activity7.InsufficientFundsException: Insufficient funds for withdrawal
	at Hello_World/ph.com.bpi.oop.m4_activity7.BankAccount.withdraw(BankAccount.java:26)
	at Hello_World/ph.com.bpi.oop.m4_activity7.Main.lambda$3(Main.java:15)
	at Hello_World/ph.com.bpi.oop.m4_activity7.BankAccount.runTest(BankAccount.java:53)
	at Hello_World/ph.com.bpi.oop.m4_activity7.Main.main(Main.java:15)
2026-01-16 16:17:03.038 [main] INFO  p.c.bpi.oop.m4_activity7.BankAccount - Deposit requested: ₱60000.0
2026-01-16 16:17:03.038 [main] WARN  p.c.bpi.oop.m4_activity7.BankAccount - Large deposit: ₱60000.0 - requires verification
2026-01-16 16:17:03.038 [main] INFO  p.c.bpi.oop.m4_activity7.BankAccount - Deposit completed: ₱60000.0, New balance: ₱72000.0
